C51 COMPILER V9.60.0.0   MAIN                                                              10/10/2022 23:30:30 PAGE 1   


C51 COMPILER V9.60.0.0, COMPILATION OF MODULE MAIN
OBJECT MODULE PLACED IN ..\bin\main.obj
COMPILER INVOKED BY: C:\Keil_v5\C51\BIN\C51.EXE ..\app\main.c OPTIMIZE(0,SPEED) BROWSE INCDIR(..\include) DEBUG OBJECTEX
                    -TEND PRINT(.\Listings\main.lst) TABS(2) OBJECT(..\bin\main.obj)

line level    source

   1          #include <reg51.h>
   2          #include <stdio.h>
   3          
   4          #include "global.h"
   5          #include "lcd.h"
   6          #include "mkeys.h"
   7          #include "stepper.h"
   8          #include "delay.h"
   9          
  10          int password = 1234;
  11          int value = 0;
  12          
  13          sbit LED = P3^6;
  14          
  15          void initAllComponents()
  16          {
  17   1        //Init all the dependent components
  18   1        initLCD();
  19   1        setLCDCommand(0x80);
  20   1        setLCDCommand(0x01);
  21   1        setLCDString("Enter Password");
  22   1        setLCDCommand(0xC0);
  23   1        
  24   1        
  25   1      }
  26          void main()
  27          {
  28   1        unsigned char rawValue = 0;
  29   1        int count = 0;
  30   1        char string[5] = "";
  31   1        
  32   1        configMKeys();
  33   1        
  34   1        CLRBIT(P3, 6);
  35   1      
  36   1        initAllComponents();
  37   1        
  38   1        while(1)
  39   1        {
  40   2          rawValue = getKey();
  41   2          if(rawValue)
  42   2          {
  43   3            if(rawValue == '#')
  44   3            {
  45   4              //printf("raw value %d %d\n", value, password);
  46   4                
  47   4              if (value == password)
  48   4              {
  49   5                count = 0; //reset the password error counter
  50   5                setLCDCommand(0x01);
  51   5                setLCDCommand(0x80);
  52   5                setLCDString("Door Open");
  53   5                //Send stepper motor 
  54   5                StepperClockwise();
C51 COMPILER V9.60.0.0   MAIN                                                              10/10/2022 23:30:30 PAGE 2   

  55   5              }
  56   4              else
  57   4              {
  58   5                count ++;
  59   5                setLCDCommand(0x01);
  60   5                setLCDCommand(0x80);
  61   5                setLCDString("Psswrd Er");
  62   5              
  63   5                if (3 == count)
  64   5                {
  65   6                  count = 0;
  66   6                  SETBIT(P3, 6);
  67   6                }
  68   5              }
  69   4              
  70   4              value = 0;
  71   4              resetPassword();
  72   4            }
  73   3            else if(rawValue == '=')
  74   3            {
  75   4              initAllComponents();
  76   4              value = 0;
  77   4              resetPassword();
  78   4            }
  79   3            else
  80   3            {
  81   4              setLCDData('*');
  82   4              //Creating password
  83   4              value = enteredPassword(rawValue);
  84   4              
  85   4            }
  86   3            
  87   3            
  88   3          }
  89   2        }
  90   1      }


MODULE INFORMATION:   STATIC OVERLAYABLE
   CODE SIZE        =    231    ----
   CONSTANT SIZE    =     40    ----
   XDATA SIZE       =   ----    ----
   PDATA SIZE       =   ----    ----
   DATA SIZE        =     12    ----
   IDATA SIZE       =   ----    ----
   BIT SIZE         =   ----    ----
END OF MODULE INFORMATION.


C51 COMPILATION COMPLETE.  0 WARNING(S),  0 ERROR(S)
