C51 COMPILER V9.60.0.0   MAIN                                                              09/16/2022 00:20:19 PAGE 1   


C51 COMPILER V9.60.0.0, COMPILATION OF MODULE MAIN
OBJECT MODULE PLACED IN ..\bin\main.obj
COMPILER INVOKED BY: C:\Keil_v5\C51\BIN\C51.EXE ..\app\main.c OPTIMIZE(0,SPEED) BROWSE INCDIR(..\include) DEBUG OBJECTEX
                    -TEND PRINT(.\Listings\main.lst) TABS(2) OBJECT(..\bin\main.obj)

line level    source

   1          #include <reg51.h>
   2          #include "global.h"
   3          #include "lcd.h"
   4          
   5          void main()
   6          {
   7   1        init_LCD();
   8   1        while(1)
   9   1        {
  10   2          set_LCDCommand(0x080);//displya in first line
  11   2          //set_LCDData('S');
  12   2          set_LCDString("Nahida");
  13   2          set_LCDCommand(0x0C0);//displya in second line
  14   2          //set_LCDData('E');
  15   2          set_LCDString("Embedded Software");
  16   2        }
  17   1      }


MODULE INFORMATION:   STATIC OVERLAYABLE
   CODE SIZE        =     34    ----
   CONSTANT SIZE    =     25    ----
   XDATA SIZE       =   ----    ----
   PDATA SIZE       =   ----    ----
   DATA SIZE        =   ----    ----
   IDATA SIZE       =   ----    ----
   BIT SIZE         =   ----    ----
END OF MODULE INFORMATION.


C51 COMPILATION COMPLETE.  0 WARNING(S),  0 ERROR(S)
