C51 COMPILER V9.60.0.0   STEPPER                                                           09/15/2022 01:01:36 PAGE 1   


C51 COMPILER V9.60.0.0, COMPILATION OF MODULE STEPPER
OBJECT MODULE PLACED IN ..\bin\stepper.obj
COMPILER INVOKED BY: C:\Keil_v5\C51\BIN\C51.EXE ..\src\stepper.c OPTIMIZE(0,SPEED) BROWSE INCDIR(..\include) DEBUG OBJEC
                    -TEXTEND PRINT(.\Listings\stepper.lst) TABS(2) OBJECT(..\bin\stepper.obj)

line level    source

   1          #include <reg51.h>
   2          #include "stepper.h"
   3          #include "delay.h"
   4          
   5          #define DELAY_VALUE     7000
   6          void StepperClockwise()
   7          {
   8   1        STEEPER = 0x01;
   9   1        delay(DELAY_VALUE);
  10   1        STEEPER = 0x02;
  11   1        delay(DELAY_VALUE);
  12   1        STEEPER = 0x04;
  13   1        delay(DELAY_VALUE);
  14   1        STEEPER = 0x08;
  15   1        delay(DELAY_VALUE);
  16   1      }
  17          
  18          void StepperAntiClockwise()
  19          {
  20   1        STEEPER = 0x08;
  21   1        delay(DELAY_VALUE);
  22   1        STEEPER = 0x04;
  23   1        delay(DELAY_VALUE);
  24   1        STEEPER = 0x02;
  25   1        delay(DELAY_VALUE);
  26   1        STEEPER = 0x01;
  27   1        delay(DELAY_VALUE);
  28   1      }


MODULE INFORMATION:   STATIC OVERLAYABLE
   CODE SIZE        =     82    ----
   CONSTANT SIZE    =   ----    ----
   XDATA SIZE       =   ----    ----
   PDATA SIZE       =   ----    ----
   DATA SIZE        =   ----    ----
   IDATA SIZE       =   ----    ----
   BIT SIZE         =   ----    ----
END OF MODULE INFORMATION.


C51 COMPILATION COMPLETE.  0 WARNING(S),  0 ERROR(S)
